nohup: ./performance_test: No such file or directory
